// Validating benchmarks:
// ***** BenchmarkRunner: Start   *****
// ***** Found 1 benchmark(s) in total *****
// ***** Building 1 exe(s) in Parallel: Start   *****
// start dotnet  restore /p:UseSharedCompilation=false /p:BuildInParallel=false /m:1 /p:Deterministic=true /p:Optimize=true /p:ArtifactsPath="C:\Users\ErPe\source\repos\laretics\Sapphire2025\Sapphire25\BenchmarkSuite1\bin\Release\net9.0\BenchmarkSuite1-DefaultJob-1/" /p:OutDir="C:\Users\ErPe\source\repos\laretics\Sapphire2025\Sapphire25\BenchmarkSuite1\bin\Release\net9.0\BenchmarkSuite1-DefaultJob-1\bin\Release\net9.0/" /p:OutputPath="C:\Users\ErPe\source\repos\laretics\Sapphire2025\Sapphire25\BenchmarkSuite1\bin\Release\net9.0\BenchmarkSuite1-DefaultJob-1\bin\Release\net9.0/" /p:PublishDir="C:\Users\ErPe\source\repos\laretics\Sapphire2025\Sapphire25\BenchmarkSuite1\bin\Release\net9.0\BenchmarkSuite1-DefaultJob-1\publish/" in C:\Users\ErPe\source\repos\laretics\Sapphire2025\Sapphire25\BenchmarkSuite1\bin\Release\net9.0\BenchmarkSuite1-DefaultJob-1
// command took 1.11 sec and exited with 0
// start dotnet  build -c Release --no-restore /p:UseSharedCompilation=false /p:BuildInParallel=false /m:1 /p:Deterministic=true /p:Optimize=true /p:ArtifactsPath="C:\Users\ErPe\source\repos\laretics\Sapphire2025\Sapphire25\BenchmarkSuite1\bin\Release\net9.0\BenchmarkSuite1-DefaultJob-1/" /p:OutDir="C:\Users\ErPe\source\repos\laretics\Sapphire2025\Sapphire25\BenchmarkSuite1\bin\Release\net9.0\BenchmarkSuite1-DefaultJob-1\bin\Release\net9.0/" /p:OutputPath="C:\Users\ErPe\source\repos\laretics\Sapphire2025\Sapphire25\BenchmarkSuite1\bin\Release\net9.0\BenchmarkSuite1-DefaultJob-1\bin\Release\net9.0/" /p:PublishDir="C:\Users\ErPe\source\repos\laretics\Sapphire2025\Sapphire25\BenchmarkSuite1\bin\Release\net9.0\BenchmarkSuite1-DefaultJob-1\publish/" --output "C:\Users\ErPe\source\repos\laretics\Sapphire2025\Sapphire25\BenchmarkSuite1\bin\Release\net9.0\BenchmarkSuite1-DefaultJob-1\bin\Release\net9.0/" in C:\Users\ErPe\source\repos\laretics\Sapphire2025\Sapphire25\BenchmarkSuite1\bin\Release\net9.0\BenchmarkSuite1-DefaultJob-1
// command took 16.21 sec and exited with 0
// ***** Done, took 00:00:17 (17.39 sec)   *****
// Found 1 benchmarks:
//   AeneasTrainsBenchmark.ProjectTrainList: DefaultJob

Setup power plan (GUID: 8c5e7fda-e8bf-4a96-9a85-a6e23a8c635c FriendlyName: Alto rendimiento)
// **************************
// Benchmark: AeneasTrainsBenchmark.ProjectTrainList: DefaultJob
// *** Execute ***
// Launch: 1 / 1
// Execute: dotnet BenchmarkSuite1-DefaultJob-1.dll --anonymousPipes 2576 2564 --benchmarkName Sapphire2025Server.Benchmarks.AeneasTrainsBenchmark.ProjectTrainList --job Default --benchmarkId 0 in C:\Users\ErPe\source\repos\laretics\Sapphire2025\Sapphire25\BenchmarkSuite1\bin\Release\net9.0\BenchmarkSuite1-DefaultJob-1\bin\Release\net9.0
// BeforeAnythingElse

// Benchmark Process Environment Information:
// BenchmarkDotNet v0.15.2
// Runtime=.NET 9.0.17 (9.0.1726.26416), X64 RyuJIT AVX2
// GC=Non-concurrent Workstation
// HardwareIntrinsics=AVX2,AES,BMI1,BMI2,FMA,LZCNT,PCLMUL,POPCNT VectorSize=256
// Job: DefaultJob

OverheadJitting  1: 1 op, 136000.00 ns, 136.0000 us/op
WorkloadJitting  1: 1 op, 994273700.00 ns, 994.2737 ms/op

OverheadJitting  2: 1 op, 600.00 ns, 600.0000 ns/op
WorkloadJitting  2: 1 op, 761947300.00 ns, 761.9473 ms/op

OverheadWarmup   1: 1 op, 500.00 ns, 500.0000 ns/op
OverheadWarmup   2: 1 op, 300.00 ns, 300.0000 ns/op
OverheadWarmup   3: 1 op, 300.00 ns, 300.0000 ns/op
OverheadWarmup   4: 1 op, 300.00 ns, 300.0000 ns/op
OverheadWarmup   5: 1 op, 300.00 ns, 300.0000 ns/op
OverheadWarmup   6: 1 op, 200.00 ns, 200.0000 ns/op

// BeforeActualRun
WorkloadActual   1: 1 op, 721907700.00 ns, 721.9077 ms/op
WorkloadActual   2: 1 op, 720112600.00 ns, 720.1126 ms/op
WorkloadActual   3: 1 op, 730777600.00 ns, 730.7776 ms/op
WorkloadActual   4: 1 op, 715275000.00 ns, 715.2750 ms/op
WorkloadActual   5: 1 op, 715813100.00 ns, 715.8131 ms/op
WorkloadActual   6: 1 op, 720123500.00 ns, 720.1235 ms/op
WorkloadActual   7: 1 op, 715917200.00 ns, 715.9172 ms/op
WorkloadActual   8: 1 op, 724135400.00 ns, 724.1354 ms/op
WorkloadActual   9: 1 op, 713226400.00 ns, 713.2264 ms/op
WorkloadActual  10: 1 op, 717084900.00 ns, 717.0849 ms/op
WorkloadActual  11: 1 op, 720631600.00 ns, 720.6316 ms/op
WorkloadActual  12: 1 op, 712743200.00 ns, 712.7432 ms/op
WorkloadActual  13: 1 op, 717183900.00 ns, 717.1839 ms/op
WorkloadActual  14: 1 op, 714011000.00 ns, 714.0110 ms/op
WorkloadActual  15: 1 op, 715378800.00 ns, 715.3788 ms/op

// AfterActualRun
WorkloadResult   1: 1 op, 721907700.00 ns, 721.9077 ms/op
WorkloadResult   2: 1 op, 720112600.00 ns, 720.1126 ms/op
WorkloadResult   3: 1 op, 715275000.00 ns, 715.2750 ms/op
WorkloadResult   4: 1 op, 715813100.00 ns, 715.8131 ms/op
WorkloadResult   5: 1 op, 720123500.00 ns, 720.1235 ms/op
WorkloadResult   6: 1 op, 715917200.00 ns, 715.9172 ms/op
WorkloadResult   7: 1 op, 724135400.00 ns, 724.1354 ms/op
WorkloadResult   8: 1 op, 713226400.00 ns, 713.2264 ms/op
WorkloadResult   9: 1 op, 717084900.00 ns, 717.0849 ms/op
WorkloadResult  10: 1 op, 720631600.00 ns, 720.6316 ms/op
WorkloadResult  11: 1 op, 712743200.00 ns, 712.7432 ms/op
WorkloadResult  12: 1 op, 717183900.00 ns, 717.1839 ms/op
WorkloadResult  13: 1 op, 714011000.00 ns, 714.0110 ms/op
WorkloadResult  14: 1 op, 715378800.00 ns, 715.3788 ms/op
// GC:  1 0 0 17733144 1
// Threading:  16 0 1

// AfterAll
// Benchmark Process 60484 has exited with code 0.

Mean = 717.396 ms, StdErr = 0.923 ms (0.13%), N = 14, StdDev = 3.453 ms
Min = 712.743 ms, Q1 = 715.301 ms, Median = 716.501 ms, Q3 = 720.121 ms, Max = 724.135 ms
IQR = 4.820 ms, LowerFence = 708.071 ms, UpperFence = 727.351 ms
ConfidenceInterval = [713.501 ms; 721.291 ms] (CI 99.9%), Margin = 3.895 ms (0.54% of Mean)
Skewness = 0.41, Kurtosis = 1.83, MValue = 2

// ** Remained 0 (0,0 %) benchmark(s) to run. Estimated finish 2026-07-05 18:53 (0h 0m from now) **
Successfully reverted power plan (GUID: 381b4222-f694-41f0-9685-ff5bb260df2e FriendlyName: Equilibrado)
// ***** BenchmarkRunner: Finish  *****

// * Export *
  BenchmarkDotNet.Artifacts\results\Sapphire2025Server.Benchmarks.AeneasTrainsBenchmark-report.csv
  BenchmarkDotNet.Artifacts\results\Sapphire2025Server.Benchmarks.AeneasTrainsBenchmark-report-github.md
  BenchmarkDotNet.Artifacts\results\Sapphire2025Server.Benchmarks.AeneasTrainsBenchmark-report.html

// * Detailed results *
AeneasTrainsBenchmark.ProjectTrainList: DefaultJob
Runtime = .NET 9.0.17 (9.0.1726.26416), X64 RyuJIT AVX2; GC = Non-concurrent Workstation
Mean = 717.396 ms, StdErr = 0.923 ms (0.13%), N = 14, StdDev = 3.453 ms
Min = 712.743 ms, Q1 = 715.301 ms, Median = 716.501 ms, Q3 = 720.121 ms, Max = 724.135 ms
IQR = 4.820 ms, LowerFence = 708.071 ms, UpperFence = 727.351 ms
ConfidenceInterval = [713.501 ms; 721.291 ms] (CI 99.9%), Margin = 3.895 ms (0.54% of Mean)
Skewness = 0.41, Kurtosis = 1.83, MValue = 2
-------------------- Histogram --------------------
[710.863 ms ; 726.016 ms) | @@@@@@@@@@@@@@
---------------------------------------------------

// * Summary *

BenchmarkDotNet v0.15.2, Windows 11 (10.0.26200.8655)
AMD Ryzen 9 5950X 3.40GHz, 1 CPU, 32 logical and 16 physical cores
.NET SDK 9.0.311
  [Host]     : .NET 9.0.17 (9.0.1726.26416), X64 RyuJIT AVX2
  DefaultJob : .NET 9.0.17 (9.0.1726.26416), X64 RyuJIT AVX2


| Method           | Mean     | Error   | StdDev  | Gen0      | Allocated |
|----------------- |---------:|--------:|--------:|----------:|----------:|
| ProjectTrainList | 717.4 ms | 3.89 ms | 3.45 ms | 1000.0000 |  16.91 MB |

// * Hints *
Outliers
  AeneasTrainsBenchmark.ProjectTrainList: Default -> 1 outlier  was  removed (730.78 ms)

// * Legends *
  Mean      : Arithmetic mean of all measurements
  Error     : Half of 99.9% confidence interval
  StdDev    : Standard deviation of all measurements
  Gen0      : GC Generation 0 collects per 1000 operations
  Allocated : Allocated memory per single operation (managed only, inclusive, 1KB = 1024B)
  1 ms      : 1 Millisecond (0.001 sec)

// * Diagnostic Output - MemoryDiagnoser *


// ***** BenchmarkRunner: End *****
Run time: 00:00:15 (15.47 sec), executed benchmarks: 1

Global total time: 00:00:33 (33.06 sec), executed benchmarks: 1
// * Artifacts cleanup *
Artifacts cleanup is finished
