// Validating benchmarks:
// ***** BenchmarkRunner: Start   *****
// ***** Found 1 benchmark(s) in total *****
// ***** Building 1 exe(s) in Parallel: Start   *****
// start dotnet  restore /p:UseSharedCompilation=false /p:BuildInParallel=false /m:1 /p:Deterministic=true /p:Optimize=true /p:ArtifactsPath="C:\Users\ErPe\source\repos\laretics\Sapphire2025\Sapphire25\BenchmarkSuite1\bin\Release\net9.0\BenchmarkSuite1-DefaultJob-1/" /p:OutDir="C:\Users\ErPe\source\repos\laretics\Sapphire2025\Sapphire25\BenchmarkSuite1\bin\Release\net9.0\BenchmarkSuite1-DefaultJob-1\bin\Release\net9.0/" /p:OutputPath="C:\Users\ErPe\source\repos\laretics\Sapphire2025\Sapphire25\BenchmarkSuite1\bin\Release\net9.0\BenchmarkSuite1-DefaultJob-1\bin\Release\net9.0/" /p:PublishDir="C:\Users\ErPe\source\repos\laretics\Sapphire2025\Sapphire25\BenchmarkSuite1\bin\Release\net9.0\BenchmarkSuite1-DefaultJob-1\publish/" in C:\Users\ErPe\source\repos\laretics\Sapphire2025\Sapphire25\BenchmarkSuite1\bin\Release\net9.0\BenchmarkSuite1-DefaultJob-1
// command took 1.46 sec and exited with 0
// start dotnet  build -c Release --no-restore /p:UseSharedCompilation=false /p:BuildInParallel=false /m:1 /p:Deterministic=true /p:Optimize=true /p:ArtifactsPath="C:\Users\ErPe\source\repos\laretics\Sapphire2025\Sapphire25\BenchmarkSuite1\bin\Release\net9.0\BenchmarkSuite1-DefaultJob-1/" /p:OutDir="C:\Users\ErPe\source\repos\laretics\Sapphire2025\Sapphire25\BenchmarkSuite1\bin\Release\net9.0\BenchmarkSuite1-DefaultJob-1\bin\Release\net9.0/" /p:OutputPath="C:\Users\ErPe\source\repos\laretics\Sapphire2025\Sapphire25\BenchmarkSuite1\bin\Release\net9.0\BenchmarkSuite1-DefaultJob-1\bin\Release\net9.0/" /p:PublishDir="C:\Users\ErPe\source\repos\laretics\Sapphire2025\Sapphire25\BenchmarkSuite1\bin\Release\net9.0\BenchmarkSuite1-DefaultJob-1\publish/" --output "C:\Users\ErPe\source\repos\laretics\Sapphire2025\Sapphire25\BenchmarkSuite1\bin\Release\net9.0\BenchmarkSuite1-DefaultJob-1\bin\Release\net9.0/" in C:\Users\ErPe\source\repos\laretics\Sapphire2025\Sapphire25\BenchmarkSuite1\bin\Release\net9.0\BenchmarkSuite1-DefaultJob-1
// command took 15.93 sec and exited with 0
// ***** Done, took 00:00:17 (17.48 sec)   *****
// Found 1 benchmarks:
//   AeneasTrainsBenchmark.ProjectTrainList: DefaultJob

Setup power plan (GUID: 8c5e7fda-e8bf-4a96-9a85-a6e23a8c635c FriendlyName: Alto rendimiento)
// **************************
// Benchmark: AeneasTrainsBenchmark.ProjectTrainList: DefaultJob
// *** Execute ***
// Launch: 1 / 1
// Execute: dotnet BenchmarkSuite1-DefaultJob-1.dll --anonymousPipes 2516 2528 --benchmarkName Sapphire2025Server.Benchmarks.AeneasTrainsBenchmark.ProjectTrainList --job Default --benchmarkId 0 in C:\Users\ErPe\source\repos\laretics\Sapphire2025\Sapphire25\BenchmarkSuite1\bin\Release\net9.0\BenchmarkSuite1-DefaultJob-1\bin\Release\net9.0
// BeforeAnythingElse

// Benchmark Process Environment Information:
// BenchmarkDotNet v0.15.2
// Runtime=.NET 9.0.17 (9.0.1726.26416), X64 RyuJIT AVX2
// GC=Non-concurrent Workstation
// HardwareIntrinsics=AVX2,AES,BMI1,BMI2,FMA,LZCNT,PCLMUL,POPCNT VectorSize=256
// Job: DefaultJob

OverheadJitting  1: 1 op, 130700.00 ns, 130.7000 us/op
WorkloadJitting  1: 1 op, 808273600.00 ns, 808.2736 ms/op

OverheadJitting  2: 1 op, 600.00 ns, 600.0000 ns/op
WorkloadJitting  2: 1 op, 611639900.00 ns, 611.6399 ms/op

OverheadWarmup   1: 1 op, 400.00 ns, 400.0000 ns/op
OverheadWarmup   2: 1 op, 200.00 ns, 200.0000 ns/op
OverheadWarmup   3: 1 op, 200.00 ns, 200.0000 ns/op
OverheadWarmup   4: 1 op, 200.00 ns, 200.0000 ns/op
OverheadWarmup   5: 1 op, 200.00 ns, 200.0000 ns/op
OverheadWarmup   6: 1 op, 200.00 ns, 200.0000 ns/op

// BeforeActualRun
WorkloadActual   1: 1 op, 572403400.00 ns, 572.4034 ms/op
WorkloadActual   2: 1 op, 560129800.00 ns, 560.1298 ms/op
WorkloadActual   3: 1 op, 567245100.00 ns, 567.2451 ms/op
WorkloadActual   4: 1 op, 560395600.00 ns, 560.3956 ms/op
WorkloadActual   5: 1 op, 561734900.00 ns, 561.7349 ms/op
WorkloadActual   6: 1 op, 553535600.00 ns, 553.5356 ms/op
WorkloadActual   7: 1 op, 556351900.00 ns, 556.3519 ms/op
WorkloadActual   8: 1 op, 566537500.00 ns, 566.5375 ms/op
WorkloadActual   9: 1 op, 559860300.00 ns, 559.8603 ms/op
WorkloadActual  10: 1 op, 552453100.00 ns, 552.4531 ms/op
WorkloadActual  11: 1 op, 553792100.00 ns, 553.7921 ms/op
WorkloadActual  12: 1 op, 554319700.00 ns, 554.3197 ms/op
WorkloadActual  13: 1 op, 556238200.00 ns, 556.2382 ms/op
WorkloadActual  14: 1 op, 559486400.00 ns, 559.4864 ms/op
WorkloadActual  15: 1 op, 559760600.00 ns, 559.7606 ms/op

// AfterActualRun
WorkloadResult   1: 1 op, 560129800.00 ns, 560.1298 ms/op
WorkloadResult   2: 1 op, 567245100.00 ns, 567.2451 ms/op
WorkloadResult   3: 1 op, 560395600.00 ns, 560.3956 ms/op
WorkloadResult   4: 1 op, 561734900.00 ns, 561.7349 ms/op
WorkloadResult   5: 1 op, 553535600.00 ns, 553.5356 ms/op
WorkloadResult   6: 1 op, 556351900.00 ns, 556.3519 ms/op
WorkloadResult   7: 1 op, 566537500.00 ns, 566.5375 ms/op
WorkloadResult   8: 1 op, 559860300.00 ns, 559.8603 ms/op
WorkloadResult   9: 1 op, 552453100.00 ns, 552.4531 ms/op
WorkloadResult  10: 1 op, 553792100.00 ns, 553.7921 ms/op
WorkloadResult  11: 1 op, 554319700.00 ns, 554.3197 ms/op
WorkloadResult  12: 1 op, 556238200.00 ns, 556.2382 ms/op
WorkloadResult  13: 1 op, 559486400.00 ns, 559.4864 ms/op
WorkloadResult  14: 1 op, 559760600.00 ns, 559.7606 ms/op
// GC:  1 0 0 17636328 1
// Threading:  11 0 1

// AfterAll
// Benchmark Process 30480 has exited with code 0.

Mean = 558.703 ms, StdErr = 1.223 ms (0.22%), N = 14, StdDev = 4.576 ms
Min = 552.453 ms, Q1 = 554.799 ms, Median = 559.624 ms, Q3 = 560.329 ms, Max = 567.245 ms
IQR = 5.530 ms, LowerFence = 546.505 ms, UpperFence = 568.624 ms
ConfidenceInterval = [553.541 ms; 563.865 ms] (CI 99.9%), Margin = 5.162 ms (0.92% of Mean)
Skewness = 0.4, Kurtosis = 2.03, MValue = 2

// ** Remained 0 (0,0 %) benchmark(s) to run. Estimated finish 2026-07-05 17:10 (0h 0m from now) **
Successfully reverted power plan (GUID: 381b4222-f694-41f0-9685-ff5bb260df2e FriendlyName: Equilibrado)
// ***** BenchmarkRunner: Finish  *****

// * Export *
  BenchmarkDotNet.Artifacts\results\Sapphire2025Server.Benchmarks.AeneasTrainsBenchmark-report.csv
  BenchmarkDotNet.Artifacts\results\Sapphire2025Server.Benchmarks.AeneasTrainsBenchmark-report-github.md
  BenchmarkDotNet.Artifacts\results\Sapphire2025Server.Benchmarks.AeneasTrainsBenchmark-report.html

// * Detailed results *
AeneasTrainsBenchmark.ProjectTrainList: DefaultJob
Runtime = .NET 9.0.17 (9.0.1726.26416), X64 RyuJIT AVX2; GC = Non-concurrent Workstation
Mean = 558.703 ms, StdErr = 1.223 ms (0.22%), N = 14, StdDev = 4.576 ms
Min = 552.453 ms, Q1 = 554.799 ms, Median = 559.624 ms, Q3 = 560.329 ms, Max = 567.245 ms
IQR = 5.530 ms, LowerFence = 546.505 ms, UpperFence = 568.624 ms
ConfidenceInterval = [553.541 ms; 563.865 ms] (CI 99.9%), Margin = 5.162 ms (0.92% of Mean)
Skewness = 0.4, Kurtosis = 2.03, MValue = 2
-------------------- Histogram --------------------
[549.961 ms ; 569.737 ms) | @@@@@@@@@@@@@@
---------------------------------------------------

// * Summary *

BenchmarkDotNet v0.15.2, Windows 11 (10.0.26200.8655)
AMD Ryzen 9 5950X 3.40GHz, 1 CPU, 32 logical and 16 physical cores
.NET SDK 9.0.311
  [Host]     : .NET 9.0.17 (9.0.1726.26416), X64 RyuJIT AVX2
  DefaultJob : .NET 9.0.17 (9.0.1726.26416), X64 RyuJIT AVX2


| Method           | Mean     | Error   | StdDev  | Gen0      | Allocated |
|----------------- |---------:|--------:|--------:|----------:|----------:|
| ProjectTrainList | 558.7 ms | 5.16 ms | 4.58 ms | 1000.0000 |  16.82 MB |

// * Hints *
Outliers
  AeneasTrainsBenchmark.ProjectTrainList: Default -> 1 outlier  was  removed (572.40 ms)

// * Legends *
  Mean      : Arithmetic mean of all measurements
  Error     : Half of 99.9% confidence interval
  StdDev    : Standard deviation of all measurements
  Gen0      : GC Generation 0 collects per 1000 operations
  Allocated : Allocated memory per single operation (managed only, inclusive, 1KB = 1024B)
  1 ms      : 1 Millisecond (0.001 sec)

// * Diagnostic Output - MemoryDiagnoser *


// ***** BenchmarkRunner: End *****
Run time: 00:00:12 (12.58 sec), executed benchmarks: 1

Global total time: 00:00:30 (30.31 sec), executed benchmarks: 1
// * Artifacts cleanup *
Artifacts cleanup is finished
